warning: unused variable: `state`
  --> src/endpoints/admin/upload_image.rs:16:11
   |
16 |     State(state): State<Arc<AppState>>,
   |           ^^^^^ help: if this is intentional, prefix it with an underscore: `_state`
   |
   = note: `#[warn(unused_variables)]` on by default

warning: unused variable: `sub`
  --> src/endpoints/admin/upload_image.rs:17:15
   |
17 |     Extension(sub): Extension<String>, // Example if sub is needed for authorization
   |               ^^^ help: if this is intentional, prefix it with an underscore: `_sub`

warning: method `get_achievement` is never used
   --> src/utils.rs:312:14
    |
299 | pub trait AchievementsTrait {
    |           ----------------- method in this trait
...
312 |     async fn get_achievement(
    |              ^^^^^^^^^^^^^^^
    |
    = note: `#[warn(dead_code)]` on by default

warning: fields `layout`, `question`, `options`, `correct_order`, and `image_for_layout` are never read
   --> src/config.rs:138:5
    |
136 | pub_struct!(Clone, Deserialize,Debug; QuizQuestion {
    |                                       ------------ fields in this struct
137 |     kind: QuizQuestionType,
138 |     layout: String,
    |     ^^^^^^
139 |     question: String,
    |     ^^^^^^^^
140 |     options: Vec<String>,
    |     ^^^^^^^
141 |     correct_answers: Option<Vec<usize>>,
142 |     correct_order: Option<Vec<String>>,
    |     ^^^^^^^^^^^^^
143 |     image_for_layout: Option<String>,
    |     ^^^^^^^^^^^^^^^^
    |
    = note: `QuizQuestion` has derived impls for the traits `Debug` and `Clone`, but these are intentionally ignored during dead code analysis
    = note: this warning originates in the macro `pub_struct` (in Nightly builds, run with -Z macro-backtrace for more info)

warning: fields `name` and `desc` are never read
   --> src/config.rs:147:5
    |
146 | pub_struct!(Clone, Deserialize,Debug; Quiz {
    |                                       ---- fields in this struct
147 |     name: String,
    |     ^^^^
148 |     desc: String,
    |     ^^^^
    |
    = note: `Quiz` has derived impls for the traits `Debug` and `Clone`, but these are intentionally ignored during dead code analysis
    = note: this warning originates in the macro `pub_struct` (in Nightly builds, run with -Z macro-backtrace for more info)

warning: fields `address`, `task_id`, and `timestamp` are never read
   --> src/models.rs:112:5
    |
111 | pub_struct!(Deserialize; CompletedTasks {
    |                          -------------- fields in this struct
112 |     address: String,
    |     ^^^^^^^
113 |     task_id: u32,
    |     ^^^^^^^
114 |     timestamp: i64,
    |     ^^^^^^^^^
    |
    = note: this warning originates in the macro `pub_struct` (in Nightly builds, run with -Z macro-backtrace for more info)

warning: fields `addr` and `email` are never read
   --> src/models.rs:194:5
    |
193 | pub_struct!(Deserialize; EmailQuery {
    |                          ---------- fields in this struct
194 |     addr: FieldElement,
    |     ^^^^
195 |     email: String,
    |     ^^^^^
    |
    = note: this warning originates in the macro `pub_struct` (in Nightly builds, run with -Z macro-backtrace for more info)

warning: fields `addr` and `task_id` are never read
   --> src/models.rs:205:5
    |
204 | pub_struct!(Deserialize; VerifyBalanceQuery {
    |                          ------------------ fields in this struct
205 |     addr: FieldElement,
    |     ^^^^
206 |     task_id: u32,
    |     ^^^^^^^
    |
    = note: this warning originates in the macro `pub_struct` (in Nightly builds, run with -Z macro-backtrace for more info)

warning: fields `viewer_ip`, `viewed_page_id`, and `timestamp` are never read
   --> src/models.rs:210:5
    |
209 | pub_struct!(Deserialize; UniquePageVisit {
    |                          --------------- fields in this struct
210 |     viewer_ip: String,
    |     ^^^^^^^^^
211 |     viewed_page_id: String,
    |     ^^^^^^^^^^^^^^
212 |     timestamp: i64,
    |     ^^^^^^^^^
    |
    = note: this warning originates in the macro `pub_struct` (in Nightly builds, run with -Z macro-backtrace for more info)

warning: field `addr` is never read
   --> src/models.rs:348:5
    |
347 | pub_struct!(Deserialize, Debug; DeployedTime {
    |                                 ------------ field in this struct
348 |     addr: String,
    |     ^^^^
    |
    = note: `DeployedTime` has a derived impl for the trait `Debug`, but this is intentionally ignored during dead code analysis
    = note: this warning originates in the macro `pub_struct` (in Nightly builds, run with -Z macro-backtrace for more info)

warning: multiple fields are never read
   --> src/models.rs:386:5
    |
385 | pub_struct!(Deserialize; CreateBoostQuery {
    |                          ---------------- fields in this struct
386 |     quest_id: i32,
    |     ^^^^^^^^
387 |     amount: i32,
    |     ^^^^^^
388 |     token: String,
    |     ^^^^^
389 |     num_of_winners: i32,
    |     ^^^^^^^^^^^^^^
390 |     token_decimals: i32,
    |     ^^^^^^^^^^^^^^
391 |     name: String,
    |     ^^^^
392 |     img_url: String,
    |     ^^^^^^^
393 |     expiry: i64,
    |     ^^^^^^
    |
    = note: this warning originates in the macro `pub_struct` (in Nightly builds, run with -Z macro-backtrace for more info)

warning: field `quest_id` is never read
   --> src/models.rs:538:5
    |
537 | pub_struct!(Deserialize; GetQuestParticipantsParams {
    |                          -------------------------- field in this struct
538 |     quest_id: i64,
    |     ^^^^^^^^
    |
    = note: this warning originates in the macro `pub_struct` (in Nightly builds, run with -Z macro-backtrace for more info)

warning: `quest_server` (bin "quest_server") generated 12 warnings
    Finished `dev` profile [unoptimized + debuginfo] target(s) in 0.22s
